Python 3.4.2 (v3.4.2:ab2c023a9432, Oct  6 2014, 22:15:05) [MSC v.1600 32 bit (Intel)] on win32
Type "copyright", "credits" or "license()" for more information.
>>> x = 5
>>> print x
SyntaxError: Missing parentheses in call to 'print'
>>> print(x)
5
>>> from mpmath import *
>>> mp.dps
15
>>> mp.dps = 200
>>> mp.pretty = True
>>> +e
2.718281828459045235360287471352662497757247093699959574966967627724076630353547594571382178525166427427466391932003059921817413596629043572900334295260595630738132328627943490763233829880753195251019
>>> e
<e = exp(1): 2.71828~>
>>> 0+e
2.718281828459045235360287471352662497757247093699959574966967627724076630353547594571382178525166427427466391932003059921817413596629043572900334295260595630738132328627943490763233829880753195251019
>>> print(e)
2.718281828459045235360287471352662497757247093699959574966967627724076630353547594571382178525166427427466391932003059921817413596629043572900334295260595630738132328627943490763233829880753195251019
>>> ================================ RESTART ================================
>>> print(e)>> from mpmath import *
SyntaxError: invalid syntax
>>> print(e)
Traceback (most recent call last):
  File "<pyshell#12>", line 1, in <module>
    print(e)
NameError: name 'e' is not defined
>>> 